# serializer version: 1
# name: test_exposed_api
  list([
    'Application',
    'ApplicationsRegistry',
    'Configurable',
    'ConfigurationBuilder',
    'EVENT_BIND',
    'EVENT_BOUND',
    'EVENT_READY',
    'EVENT_SHUTDOWN',
    'OnBindEvent',
    'OnBoundEvent',
    'OnReadyEvent',
    'OnShutdownEvent',
    'Service',
    'Stateful',
    'applications',
    'asdict',
    'builders',
    'configurables',
    'defaults',
    'events',
    'examples',
    'tests',
    'utils',
  ])
# ---
