// Vitest Snapshot v1, https://vitest.dev/guide/snapshot.html

exports[`renders the title and data when the query is successful 1`] = `
<div>
  <main>
    <div
      class="mt-4 flex"
    >
      <div
        class="flex flex-col"
      >
        <h1
          class="css-9lrcch"
        >
          Transaction details
        </h1>
      </div>
    </div>
    <div
      class="mt-4"
    >
      <div
        class="sm:-mx-6 lg:-mx-8"
      >
        <section
          class="inline-block min-w-full max-w-full py-2 align-middle sm:px-6 lg:px-8"
        >
          <div
            class="divide-y divide-gray-100 overflow-hidden text-gray-900 sm:text-sm css-o0j4j7"
          >
            <div
              class="px-4 py-3"
            >
              <h5
                class="flex w-full whitespace-nowrap cursor-pointer css-9ho516"
              >
                <div
                  class="grow font-normal truncate"
                >
                  <span
                    class="font-semibold"
                  >
                    <div
                      class="flex gap-x-0.5 items-center"
                    >
                      <span
                        class="grow"
                      >
                        Transaction
                      </span>
                      <svg
                        aria-hidden="true"
                        class="m-2 h-4 w-4 cursor-pointer text-gray-500"
                        data-slot="icon"
                        fill="none"
                        stroke="currentColor"
                        stroke-width="1.5"
                        viewBox="0 0 24 24"
                        xmlns="http://www.w3.org/2000/svg"
                      >
                        <title>
                          Copy to clipboard
                        </title>
                        <path
                          d="M8.25 7.5V6.108c0-1.135.845-2.098 1.976-2.192.373-.03.748-.057 1.123-.08M15.75 18H18a2.25 2.25 0 0 0 2.25-2.25V6.108c0-1.135-.845-2.098-1.976-2.192a48.424 48.424 0 0 0-1.123-.08M15.75 18.75v-1.875a3.375 3.375 0 0 0-3.375-3.375h-1.5a1.125 1.125 0 0 1-1.125-1.125v-1.5A3.375 3.375 0 0 0 6.375 7.5H5.25m11.9-3.664A2.251 2.251 0 0 0 15 2.25h-1.5a2.251 2.251 0 0 0-2.15 1.586m5.8 0c.065.21.1.433.1.664v.75h-6V4.5c0-.231.035-.454.1-.664M6.75 7.5H4.875c-.621 0-1.125.504-1.125 1.125v12c0 .621.504 1.125 1.125 1.125h9.75c.621 0 1.125-.504 1.125-1.125V16.5a9 9 0 0 0-9-9Z"
                          stroke-linecap="round"
                          stroke-linejoin="round"
                        />
                      </svg>
                      <div
                        class="flex gap-x-0.5 items-center font-normal pl-1 pr-2"
                      >
                        <span>
                          0.06 seconds
                        </span>
                      </div>
                    </div>
                  </span>
                </div>
                <svg
                  aria-hidden="true"
                  class="h-4 w-4 min-w-4 text-gray-600"
                  data-slot="icon"
                  fill="none"
                  stroke="currentColor"
                  stroke-width="1.5"
                  viewBox="0 0 24 24"
                  xmlns="http://www.w3.org/2000/svg"
                >
                  <path
                    d="m4.5 15.75 7.5-7.5 7.5 7.5"
                    stroke-linecap="round"
                    stroke-linejoin="round"
                  />
                </svg>
              </h5>
              <div
                class="mt-2 space-y-2 overflow-x-auto "
              >
                 
                <div
                  class="flex gap-x-1"
                >
                  <span
                    class="text-xs text-gray-500"
                  >
                    foo
                    =
                    bar
                  </span>
                  <span
                    class="text-xs text-gray-500"
                  >
                    bar
                    =
                    baz
                  </span>
                </div>
              </div>
            </div>
            <div
              class="relative px-4 py-3"
            >
              <h5
                class="flex w-full whitespace-nowrap cursor-pointer css-9ho516"
              >
                <div
                  class="grow font-normal truncate"
                >
                  <span
                    class="font-semibold"
                  >
                    <span
                      class="mr-2"
                    >
                      Request
                    </span>
                    <span
                      class="font-normal"
                    >
                      <span
                        class="css-pnlnkr"
                        color="green"
                      >
                        GET
                      </span>
                      <span
                        class="inline-flex items-center bg-gray-50 px-1 ml-2 py-0.5 text-xs font-medium text-gray-700 ring-1 ring-inset ring-gray-600/20"
                      >
                        endpoint1
                      </span>
                      <span
                        class="text-gray-500 font-mono text-xs"
                        title="/lorem/ipsum-dolor/sit/amet?this=is&a=very-long&request=path&that-will=demonstrate&how-the-ui=behave-when&the-full-content-with-is-very-large=which-may-happen-quite-often"
                      >
                        /lorem/ipsum-dolor/sit/amet?this=is&a=very-long&request=path&that-will=demonstrate&how-the-ui=behave-when&the-full-content-with-is-very-large=which-may-happen-quite-often
                      </span>
                    </span>
                  </span>
                </div>
                <svg
                  aria-hidden="true"
                  class="h-4 w-4 min-w-4 text-gray-600"
                  data-slot="icon"
                  fill="none"
                  stroke="currentColor"
                  stroke-width="1.5"
                  viewBox="0 0 24 24"
                  xmlns="http://www.w3.org/2000/svg"
                >
                  <path
                    d="m4.5 15.75 7.5-7.5 7.5 7.5"
                    stroke-linecap="round"
                    stroke-linejoin="round"
                  />
                </svg>
              </h5>
              <span
                class="text-xs text-gray-500"
              >
                Friday, August 20th, 2021 at 4:00:00 PM GMT-04:00
              </span>
              <div
                class="mt-2 space-y-2 overflow-x-auto "
              >
                 
                <div>
                  <svg
                    aria-hidden="true"
                    class="absolute right-2 m-2 h-4 w-4 cursor-pointer text-gray-500"
                    data-slot="icon"
                    fill="none"
                    stroke="currentColor"
                    stroke-width="1.5"
                    viewBox="0 0 24 24"
                    xmlns="http://www.w3.org/2000/svg"
                  >
                    <title>
                      Copy to clipboard
                    </title>
                    <path
                      d="M8.25 7.5V6.108c0-1.135.845-2.098 1.976-2.192.373-.03.748-.057 1.123-.08M15.75 18H18a2.25 2.25 0 0 0 2.25-2.25V6.108c0-1.135-.845-2.098-1.976-2.192a48.424 48.424 0 0 0-1.123-.08M15.75 18.75v-1.875a3.375 3.375 0 0 0-3.375-3.375h-1.5a1.125 1.125 0 0 1-1.125-1.125v-1.5A3.375 3.375 0 0 0 6.375 7.5H5.25m11.9-3.664A2.251 2.251 0 0 0 15 2.25h-1.5a2.251 2.251 0 0 0-2.15 1.586m5.8 0c.065.21.1.433.1.664v.75h-6V4.5c0-.231.035-.454.1-.664M6.75 7.5H4.875c-.621 0-1.125.504-1.125 1.125v12c0 .621.504 1.125 1.125 1.125h9.75c.621 0 1.125-.504 1.125-1.125V16.5a9 9 0 0 0-9-9Z"
                      stroke-linecap="round"
                      stroke-linejoin="round"
                    />
                  </svg>
                  <div
                    class="pt-4"
                  >
                    <table
                      class="mb-2 w-full text-xs font-mono"
                    >
                      <tbody>
                        <tr>
                          <td
                            class="px-2 w-1 text-blue-600 truncate"
                          >
                            host
                          </td>
                          <td
                            class="px-2 whitespace-nowrap"
                          >
                             localhost
                          </td>
                        </tr>
                        <tr>
                          <td
                            class="px-2 w-1 text-blue-600 truncate"
                          >
                             accept-encoding
                          </td>
                          <td
                            class="px-2 whitespace-nowrap"
                          >
                             identity 
                          </td>
                        </tr>
                        <tr>
                          <td
                            class="px-2 w-1 text-blue-600 truncate"
                          >
                             x-long-header
                          </td>
                          <td
                            class="px-2 whitespace-nowrap"
                          >
                             Foobar 3r51XEnyibdL3kRyAmts5BSfTyjjOrcbwgr3YOnwUMTcVVLzyhdzEKkQAje2XlXUva59GsJu1Z7IotiVYisO9vDjvHSyLt95SU7WEQNzhKhA7IlT2IQ11Onwmz7su9BT 
                          </td>
                        </tr>
                      </tbody>
                    </table>
                  </div>
                </div>
                <div>
                  <svg
                    aria-hidden="true"
                    class="absolute right-2 m-2 h-4 w-4 cursor-pointer text-gray-500"
                    data-slot="icon"
                    fill="none"
                    stroke="currentColor"
                    stroke-width="1.5"
                    viewBox="0 0 24 24"
                    xmlns="http://www.w3.org/2000/svg"
                  >
                    <title>
                      Copy to clipboard
                    </title>
                    <path
                      d="M8.25 7.5V6.108c0-1.135.845-2.098 1.976-2.192.373-.03.748-.057 1.123-.08M15.75 18H18a2.25 2.25 0 0 0 2.25-2.25V6.108c0-1.135-.845-2.098-1.976-2.192a48.424 48.424 0 0 0-1.123-.08M15.75 18.75v-1.875a3.375 3.375 0 0 0-3.375-3.375h-1.5a1.125 1.125 0 0 1-1.125-1.125v-1.5A3.375 3.375 0 0 0 6.375 7.5H5.25m11.9-3.664A2.251 2.251 0 0 0 15 2.25h-1.5a2.251 2.251 0 0 0-2.15 1.586m5.8 0c.065.21.1.433.1.664v.75h-6V4.5c0-.231.035-.454.1-.664M6.75 7.5H4.875c-.621 0-1.125.504-1.125 1.125v12c0 .621.504 1.125 1.125 1.125h9.75c.621 0 1.125-.504 1.125-1.125V16.5a9 9 0 0 0-9-9Z"
                      stroke-linecap="round"
                      stroke-linejoin="round"
                    />
                  </svg>
                  <div
                    class="px-2 pt-4"
                  >
                    <pre
                      class="w-fit overflow-x-auto text-black language-javascript max-w-full text-xs"
                      style="color: rgb(57, 58, 52); font-family: "Consolas", "Bitstream Vera Sans Mono", "Courier New", Courier, monospace; direction: ltr; text-align: left; white-space: pre; word-spacing: normal; word-break: normal; font-size: .9em; line-height: 1.2em; tab-size: 4; hyphens: none; padding: 0px; margin: .5em 0px; overflow: auto; border: 0px; background-color: white;"
                    >
                      <code
                        class="language-javascript"
                        style="color: rgb(57, 58, 52); font-family: "Consolas", "Bitstream Vera Sans Mono", "Courier New", Courier, monospace; direction: ltr; text-align: left; white-space: pre; word-spacing: normal; word-break: normal; font-size: .9em; line-height: 1.2em; tab-size: 4; hyphens: none;"
                      >
                        <span>
                          body1
                        </span>
                      </code>
                    </pre>
                  </div>
                </div>
              </div>
            </div>
            <div
              class="relative px-4 py-3"
            >
              <h5
                class="flex w-full whitespace-nowrap cursor-pointer css-9ho516"
              >
                <div
                  class="grow font-normal truncate"
                >
                  <span
                    class="font-semibold"
                  >
                    <span
                      class="mr-2"
                    >
                      Response
                    </span>
                    <span
                      class="font-normal"
                    >
                      <span
                        class="css-pnlnkr"
                        color="green"
                      >
                        200
                         
                        OK
                      </span>
                    </span>
                  </span>
                </div>
                <svg
                  aria-hidden="true"
                  class="h-4 w-4 min-w-4 text-gray-600"
                  data-slot="icon"
                  fill="none"
                  stroke="currentColor"
                  stroke-width="1.5"
                  viewBox="0 0 24 24"
                  xmlns="http://www.w3.org/2000/svg"
                >
                  <path
                    d="m4.5 15.75 7.5-7.5 7.5 7.5"
                    stroke-linecap="round"
                    stroke-linejoin="round"
                  />
                </svg>
              </h5>
              <span
                class="text-xs text-gray-500"
              >
                Friday, August 20th, 2021 at 4:01:00 PM GMT-04:00
              </span>
              <div
                class="mt-2 space-y-2 overflow-x-auto "
              >
                 
                <div>
                  <svg
                    aria-hidden="true"
                    class="absolute right-2 m-2 h-4 w-4 cursor-pointer text-gray-500"
                    data-slot="icon"
                    fill="none"
                    stroke="currentColor"
                    stroke-width="1.5"
                    viewBox="0 0 24 24"
                    xmlns="http://www.w3.org/2000/svg"
                  >
                    <title>
                      Copy to clipboard
                    </title>
                    <path
                      d="M8.25 7.5V6.108c0-1.135.845-2.098 1.976-2.192.373-.03.748-.057 1.123-.08M15.75 18H18a2.25 2.25 0 0 0 2.25-2.25V6.108c0-1.135-.845-2.098-1.976-2.192a48.424 48.424 0 0 0-1.123-.08M15.75 18.75v-1.875a3.375 3.375 0 0 0-3.375-3.375h-1.5a1.125 1.125 0 0 1-1.125-1.125v-1.5A3.375 3.375 0 0 0 6.375 7.5H5.25m11.9-3.664A2.251 2.251 0 0 0 15 2.25h-1.5a2.251 2.251 0 0 0-2.15 1.586m5.8 0c.065.21.1.433.1.664v.75h-6V4.5c0-.231.035-.454.1-.664M6.75 7.5H4.875c-.621 0-1.125.504-1.125 1.125v12c0 .621.504 1.125 1.125 1.125h9.75c.621 0 1.125-.504 1.125-1.125V16.5a9 9 0 0 0-9-9Z"
                      stroke-linecap="round"
                      stroke-linejoin="round"
                    />
                  </svg>
                  <div
                    class="pt-4"
                  >
                    <table
                      class="mb-2 w-full text-xs font-mono"
                    >
                      <tbody>
                        <tr>
                          <td
                            class="px-2 w-1 text-blue-600 truncate"
                          >
                            content-type
                          </td>
                          <td
                            class="px-2 whitespace-nowrap"
                          >
                             application/json
                          </td>
                        </tr>
                      </tbody>
                    </table>
                  </div>
                </div>
                <div>
                  <svg
                    aria-hidden="true"
                    class="absolute right-2 m-2 h-4 w-4 cursor-pointer text-gray-500"
                    data-slot="icon"
                    fill="none"
                    stroke="currentColor"
                    stroke-width="1.5"
                    viewBox="0 0 24 24"
                    xmlns="http://www.w3.org/2000/svg"
                  >
                    <title>
                      Copy to clipboard
                    </title>
                    <path
                      d="M8.25 7.5V6.108c0-1.135.845-2.098 1.976-2.192.373-.03.748-.057 1.123-.08M15.75 18H18a2.25 2.25 0 0 0 2.25-2.25V6.108c0-1.135-.845-2.098-1.976-2.192a48.424 48.424 0 0 0-1.123-.08M15.75 18.75v-1.875a3.375 3.375 0 0 0-3.375-3.375h-1.5a1.125 1.125 0 0 1-1.125-1.125v-1.5A3.375 3.375 0 0 0 6.375 7.5H5.25m11.9-3.664A2.251 2.251 0 0 0 15 2.25h-1.5a2.251 2.251 0 0 0-2.15 1.586m5.8 0c.065.21.1.433.1.664v.75h-6V4.5c0-.231.035-.454.1-.664M6.75 7.5H4.875c-.621 0-1.125.504-1.125 1.125v12c0 .621.504 1.125 1.125 1.125h9.75c.621 0 1.125-.504 1.125-1.125V16.5a9 9 0 0 0-9-9Z"
                      stroke-linecap="round"
                      stroke-linejoin="round"
                    />
                  </svg>
                  <div
                    class="px-2 pt-4"
                  >
                    <pre
                      class="w-fit overflow-x-auto text-black language-javascript max-w-full text-xs"
                      style="color: rgb(57, 58, 52); font-family: "Consolas", "Bitstream Vera Sans Mono", "Courier New", Courier, monospace; direction: ltr; text-align: left; white-space: pre; word-spacing: normal; word-break: normal; font-size: .9em; line-height: 1.2em; tab-size: 4; hyphens: none; padding: 0px; margin: .5em 0px; overflow: auto; border: 0px; background-color: white;"
                    >
                      <code
                        class="language-javascript"
                        style="color: rgb(57, 58, 52); font-family: "Consolas", "Bitstream Vera Sans Mono", "Courier New", Courier, monospace; direction: ltr; text-align: left; white-space: pre; word-spacing: normal; word-break: normal; font-size: .9em; line-height: 1.2em; tab-size: 4; hyphens: none;"
                      >
                        <span>
                          body2
                        </span>
                      </code>
                    </pre>
                  </div>
                </div>
              </div>
            </div>
            <div
              class="px-4 py-3"
            >
              <h5
                class="flex w-full whitespace-nowrap cursor-pointer css-9ho516"
              >
                <div
                  class="grow font-normal truncate"
                >
                  <span
                    class="font-semibold"
                  >
                    Raw
                  </span>
                </div>
                <svg
                  aria-hidden="true"
                  class="h-4 w-4 min-w-4 text-gray-600"
                  data-slot="icon"
                  fill="none"
                  stroke="currentColor"
                  stroke-width="1.5"
                  viewBox="0 0 24 24"
                  xmlns="http://www.w3.org/2000/svg"
                >
                  <path
                    d="m19.5 8.25-7.5 7.5-7.5-7.5"
                    stroke-linecap="round"
                    stroke-linejoin="round"
                  />
                </svg>
              </h5>
              <div
                class="mt-2 space-y-2 overflow-x-auto hidden"
              >
                 
                <table
                  class="min-w-fit divide-y divide-gray-300"
                >
                  <tbody
                    class="divide-y divide-gray-200 bg-white"
                  >
                    <tr>
                      <td
                        class="whitespace-nowrap py-2 px-4 text-sm font-medium text-gray-900 min-w-fit align-top"
                      >
                        id
                      </td>
                      <td
                        class="whitespace-nowrap text-sm text-gray-500"
                      >
                        ABCD1234
                      </td>
                    </tr>
                    <tr>
                      <td
                        class="whitespace-nowrap py-2 px-4 text-sm font-medium text-gray-900 min-w-fit align-top"
                      >
                        type
                      </td>
                      <td
                        class="whitespace-nowrap text-sm text-gray-500"
                      >
                        GET
                      </td>
                    </tr>
                    <tr>
                      <td
                        class="whitespace-nowrap py-2 px-4 text-sm font-medium text-gray-900 min-w-fit align-top"
                      >
                        endpoint
                      </td>
                      <td
                        class="whitespace-nowrap text-sm text-gray-500"
                      >
                        endpoint1
                      </td>
                    </tr>
                    <tr>
                      <td
                        class="whitespace-nowrap py-2 px-4 text-sm font-medium text-gray-900 min-w-fit align-top"
                      >
                        started_at
                      </td>
                      <td
                        class="whitespace-nowrap text-sm text-gray-500"
                      >
                        2021-08-20T20:00:00Z
                      </td>
                    </tr>
                    <tr>
                      <td
                        class="whitespace-nowrap py-2 px-4 text-sm font-medium text-gray-900 min-w-fit align-top"
                      >
                        finished_at
                      </td>
                      <td
                        class="whitespace-nowrap text-sm text-gray-500"
                      >
                        2021-08-20T20:01:00Z
                      </td>
                    </tr>
                    <tr>
                      <td
                        class="whitespace-nowrap py-2 px-4 text-sm font-medium text-gray-900 min-w-fit align-top"
                      >
                        elapsed
                      </td>
                      <td
                        class="whitespace-nowrap text-sm text-gray-500"
                      >
                        60
                      </td>
                    </tr>
                    <tr>
                      <td
                        class="whitespace-nowrap py-2 px-4 text-sm font-medium text-gray-900 min-w-fit align-top"
                      >
                        messages
                      </td>
                      <td
                        class="whitespace-nowrap text-sm text-gray-500"
                      >
                        <table
                          class="min-w-fit divide-y divide-gray-300"
                        >
                          <tbody
                            class="divide-y divide-gray-200 bg-white"
                          >
                            <tr>
                              <td
                                class="whitespace-nowrap py-2 px-4 text-sm font-medium text-gray-900 min-w-fit align-top"
                              >
                                0
                              </td>
                              <td
                                class="whitespace-nowrap text-sm text-gray-500"
                              >
                                <table
                                  class="min-w-fit divide-y divide-gray-300"
                                >
                                  <tbody
                                    class="divide-y divide-gray-200 bg-white"
                                  >
                                    <tr>
                                      <td
                                        class="whitespace-nowrap py-2 px-4 text-sm font-medium text-gray-900 min-w-fit align-top"
                                      >
                                        id
                                      </td>
                                      <td
                                        class="whitespace-nowrap text-sm text-gray-500"
                                      >
                                        1
                                      </td>
                                    </tr>
                                    <tr>
                                      <td
                                        class="whitespace-nowrap py-2 px-4 text-sm font-medium text-gray-900 min-w-fit align-top"
                                      >
                                        transaction_id
                                      </td>
                                      <td
                                        class="whitespace-nowrap text-sm text-gray-500"
                                      >
                                        ABCD1234
                                      </td>
                                    </tr>
                                    <tr>
                                      <td
                                        class="whitespace-nowrap py-2 px-4 text-sm font-medium text-gray-900 min-w-fit align-top"
                                      >
                                        kind
                                      </td>
                                      <td
                                        class="whitespace-nowrap text-sm text-gray-500"
                                      >
                                        request
                                      </td>
                                    </tr>
                                    <tr>
                                      <td
                                        class="whitespace-nowrap py-2 px-4 text-sm font-medium text-gray-900 min-w-fit align-top"
                                      >
                                        summary
                                      </td>
                                      <td
                                        class="whitespace-nowrap text-sm text-gray-500"
                                      >
                                        GET /lorem/ipsum-dolor/sit/amet?this=is&a=very-long&request=path&that-will=demonstrate&how-the-ui=behave-when&the-full-content-with-is-very-large=which-may-happen-quite-often HTTP/1.1
                                      </td>
                                    </tr>
                                    <tr>
                                      <td
                                        class="whitespace-nowrap py-2 px-4 text-sm font-medium text-gray-900 min-w-fit align-top"
                                      >
                                        headers
                                      </td>
                                      <td
                                        class="whitespace-nowrap text-sm text-gray-500"
                                      >
                                        headers1
                                      </td>
                                    </tr>
                                    <tr>
                                      <td
                                        class="whitespace-nowrap py-2 px-4 text-sm font-medium text-gray-900 min-w-fit align-top"
                                      >
                                        body
                                      </td>
                                      <td
                                        class="whitespace-nowrap text-sm text-gray-500"
                                      >
                                        body1
                                      </td>
                                    </tr>
                                    <tr>
                                      <td
                                        class="whitespace-nowrap py-2 px-4 text-sm font-medium text-gray-900 min-w-fit align-top"
                                      >
                                        created_at
                                      </td>
                                      <td
                                        class="whitespace-nowrap text-sm text-gray-500"
                                      >
                                        2021-08-20T20:00:00Z
                                      </td>
                                    </tr>
                                  </tbody>
                                </table>
                              </td>
                            </tr>
                            <tr>
                              <td
                                class="whitespace-nowrap py-2 px-4 text-sm font-medium text-gray-900 min-w-fit align-top"
                              >
                                1
                              </td>
                              <td
                                class="whitespace-nowrap text-sm text-gray-500"
                              >
                                <table
                                  class="min-w-fit divide-y divide-gray-300"
                                >
                                  <tbody
                                    class="divide-y divide-gray-200 bg-white"
                                  >
                                    <tr>
                                      <td
                                        class="whitespace-nowrap py-2 px-4 text-sm font-medium text-gray-900 min-w-fit align-top"
                                      >
                                        id
                                      </td>
                                      <td
                                        class="whitespace-nowrap text-sm text-gray-500"
                                      >
                                        2
                                      </td>
                                    </tr>
                                    <tr>
                                      <td
                                        class="whitespace-nowrap py-2 px-4 text-sm font-medium text-gray-900 min-w-fit align-top"
                                      >
                                        transaction_id
                                      </td>
                                      <td
                                        class="whitespace-nowrap text-sm text-gray-500"
                                      >
                                        ABCD1234
                                      </td>
                                    </tr>
                                    <tr>
                                      <td
                                        class="whitespace-nowrap py-2 px-4 text-sm font-medium text-gray-900 min-w-fit align-top"
                                      >
                                        kind
                                      </td>
                                      <td
                                        class="whitespace-nowrap text-sm text-gray-500"
                                      >
                                        response
                                      </td>
                                    </tr>
                                    <tr>
                                      <td
                                        class="whitespace-nowrap py-2 px-4 text-sm font-medium text-gray-900 min-w-fit align-top"
                                      >
                                        summary
                                      </td>
                                      <td
                                        class="whitespace-nowrap text-sm text-gray-500"
                                      >
                                        HTTP/1.1 200 OK
                                      </td>
                                    </tr>
                                    <tr>
                                      <td
                                        class="whitespace-nowrap py-2 px-4 text-sm font-medium text-gray-900 min-w-fit align-top"
                                      >
                                        headers
                                      </td>
                                      <td
                                        class="whitespace-nowrap text-sm text-gray-500"
                                      >
                                        headers2
                                      </td>
                                    </tr>
                                    <tr>
                                      <td
                                        class="whitespace-nowrap py-2 px-4 text-sm font-medium text-gray-900 min-w-fit align-top"
                                      >
                                        body
                                      </td>
                                      <td
                                        class="whitespace-nowrap text-sm text-gray-500"
                                      >
                                        body2
                                      </td>
                                    </tr>
                                    <tr>
                                      <td
                                        class="whitespace-nowrap py-2 px-4 text-sm font-medium text-gray-900 min-w-fit align-top"
                                      >
                                        created_at
                                      </td>
                                      <td
                                        class="whitespace-nowrap text-sm text-gray-500"
                                      >
                                        2021-08-20T20:01:00Z
                                      </td>
                                    </tr>
                                  </tbody>
                                </table>
                              </td>
                            </tr>
                          </tbody>
                        </table>
                      </td>
                    </tr>
                    <tr>
                      <td
                        class="whitespace-nowrap py-2 px-4 text-sm font-medium text-gray-900 min-w-fit align-top"
                      >
                        tags
                      </td>
                      <td
                        class="whitespace-nowrap text-sm text-gray-500"
                      >
                        <table
                          class="min-w-fit divide-y divide-gray-300"
                        >
                          <tbody
                            class="divide-y divide-gray-200 bg-white"
                          >
                            <tr>
                              <td
                                class="whitespace-nowrap py-2 px-4 text-sm font-medium text-gray-900 min-w-fit align-top"
                              >
                                foo
                              </td>
                              <td
                                class="whitespace-nowrap text-sm text-gray-500"
                              >
                                bar
                              </td>
                            </tr>
                            <tr>
                              <td
                                class="whitespace-nowrap py-2 px-4 text-sm font-medium text-gray-900 min-w-fit align-top"
                              >
                                bar
                              </td>
                              <td
                                class="whitespace-nowrap text-sm text-gray-500"
                              >
                                baz
                              </td>
                            </tr>
                          </tbody>
                        </table>
                      </td>
                    </tr>
                    <tr>
                      <td
                        class="whitespace-nowrap py-2 px-4 text-sm font-medium text-gray-900 min-w-fit align-top"
                      >
                        extras
                      </td>
                      <td
                        class="whitespace-nowrap text-sm text-gray-500"
                      >
                        <table
                          class="min-w-fit divide-y divide-gray-300"
                        >
                          <tbody
                            class="divide-y divide-gray-200 bg-white"
                          />
                        </table>
                      </td>
                    </tr>
                  </tbody>
                </table>
              </div>
            </div>
          </div>
        </section>
      </div>
    </div>
  </main>
</div>
`;
